// Jest Snapshot v1, https://goo.gl/fbAQLP

exports[`App matches snapshot 1`] = `
Array [
  <input
    onChange={[Function]}
    placeholder="Enter a task"
    type="text"
    value=""
  />,
  <button
    onClick={[Function]}
  >
     Add todo 
  </button>,
  <ul />,
]
`;
